[debug] [2025-06-17T08:16:24.451Z] ----------------------------------------------------------------------
[debug] [2025-06-17T08:16:24.482Z] Command:       C:\Program Files\nodejs\node.exe C:\Users\Best\AppData\Roaming\npm\node_modules\firebase-tools\lib\bin\firebase.js init
[debug] [2025-06-17T08:16:24.484Z] CLI Version:   14.7.0
[debug] [2025-06-17T08:16:24.484Z] Platform:      win32
[debug] [2025-06-17T08:16:24.486Z] Node Version:  v20.14.0
[debug] [2025-06-17T08:16:24.487Z] Time:          Tue Jun 17 2025 13:46:24 GMT+0530 (India Standard Time)
[debug] [2025-06-17T08:16:24.488Z] ----------------------------------------------------------------------
[debug] 
[debug] [2025-06-17T08:16:24.497Z] >>> [apiv2][query] GET https://firebase-public.firebaseio.com/cli.json [none]
[debug] [2025-06-17T08:16:24.741Z] > command requires scopes: ["email","openid","https://www.googleapis.com/auth/cloudplatformprojects.readonly","https://www.googleapis.com/auth/firebase","https://www.googleapis.com/auth/cloud-platform"]
[debug] [2025-06-17T08:16:24.742Z] > authorizing via signed-in user (kesavakumarmtsa1622@gmail.com)
[info] 
     ######## #### ########  ######## ########     ###     ######  ########
     ##        ##  ##     ## ##       ##     ##  ##   ##  ##       ##
     ######    ##  ########  ######   ########  #########  ######  ######
     ##        ##  ##    ##  ##       ##     ## ##     ##       ## ##
     ##       #### ##     ## ######## ########  ##     ##  ######  ########

You're about to initialize a Firebase project in this directory:

  D:\angular\backend

[debug] [2025-06-17T08:16:25.678Z] <<< [apiv2][status] GET https://firebase-public.firebaseio.com/cli.json 200
[debug] [2025-06-17T08:16:25.679Z] <<< [apiv2][body] GET https://firebase-public.firebaseio.com/cli.json {"cloudBuildErrorAfter":1594252800000,"cloudBuildWarnAfter":1590019200000,"defaultNode10After":1594252800000,"minVersion":"3.0.5","node8DeploysDisabledAfter":1613390400000,"node8RuntimeDisabledAfter":1615809600000,"node8WarnAfter":1600128000000}
[info] 
=== Project Setup
[info] 
[info] First, let's associate this project directory with a Firebase project.
[info] You can create multiple project aliases by running firebase use --add, 
[info] but for now we'll just set up a default project.
[info] 
[debug] [2025-06-17T08:21:10.520Z] Checked if tokens are valid: false, expires at: 1725473459958
[debug] [2025-06-17T08:21:10.523Z] Checked if tokens are valid: false, expires at: 1725473459958
[debug] [2025-06-17T08:21:10.524Z] > refreshing access token with scopes: []
[debug] [2025-06-17T08:21:10.528Z] >>> [apiv2][query] POST https://www.googleapis.com/oauth2/v3/token [none]
[debug] [2025-06-17T08:21:10.528Z] >>> [apiv2][body] POST https://www.googleapis.com/oauth2/v3/token [omitted]
[debug] [2025-06-17T08:21:10.708Z] <<< [apiv2][status] POST https://www.googleapis.com/oauth2/v3/token 400
[debug] [2025-06-17T08:21:10.709Z] <<< [apiv2][body] POST https://www.googleapis.com/oauth2/v3/token [omitted]
[debug] [2025-06-17T08:21:10.711Z] >>> [apiv2][query] GET https://firebase.googleapis.com/v1beta1/projects pageSize=100
[debug] [2025-06-17T08:21:10.924Z] <<< [apiv2][status] GET https://firebase.googleapis.com/v1beta1/projects 401
[debug] [2025-06-17T08:21:10.924Z] <<< [apiv2][body] GET https://firebase.googleapis.com/v1beta1/projects [omitted]
[debug] [2025-06-17T08:21:10.925Z] Got a 401 Unauthenticated error for a call that required authentication. Refreshing tokens.
[debug] [2025-06-17T08:21:10.925Z] Checked if tokens are valid: false, expires at: 1725473459958
[debug] [2025-06-17T08:21:10.926Z] Checked if tokens are valid: false, expires at: 1725473459958
[debug] [2025-06-17T08:21:10.926Z] > refreshing access token with scopes: []
[debug] [2025-06-17T08:21:10.928Z] >>> [apiv2][query] POST https://www.googleapis.com/oauth2/v3/token [none]
[debug] [2025-06-17T08:21:10.928Z] >>> [apiv2][body] POST https://www.googleapis.com/oauth2/v3/token [omitted]
[debug] [2025-06-17T08:21:11.012Z] <<< [apiv2][status] POST https://www.googleapis.com/oauth2/v3/token 400
[debug] [2025-06-17T08:21:11.012Z] <<< [apiv2][body] POST https://www.googleapis.com/oauth2/v3/token [omitted]
[debug] [2025-06-17T08:21:11.016Z] Request to https://firebase.googleapis.com/v1beta1/projects?pageSize=100 had HTTP Error: 401, Request had invalid authentication credentials. Expected OAuth 2 access token, login cookie or other valid authentication credential. See https://developers.google.com/identity/sign-in/web/devconsole-project.
[debug] [2025-06-17T08:21:11.213Z] FirebaseError: Request to https://firebase.googleapis.com/v1beta1/projects?pageSize=100 had HTTP Error: 401, Request had invalid authentication credentials. Expected OAuth 2 access token, login cookie or other valid authentication credential. See https://developers.google.com/identity/sign-in/web/devconsole-project.
    at responseToError (C:\Users\Best\AppData\Roaming\npm\node_modules\firebase-tools\lib\responseToError.js:52:12)
    at RetryOperation._fn (C:\Users\Best\AppData\Roaming\npm\node_modules\firebase-tools\lib\apiv2.js:312:77)
    at process.processTicksAndRejections (node:internal/process/task_queues:95:5)
[error] 
[error] Error: Failed to list Firebase projects. See firebase-debug.log for more info.
[debug] [2025-06-17T08:21:29.263Z] ----------------------------------------------------------------------
[debug] [2025-06-17T08:21:29.273Z] Command:       C:\Program Files\nodejs\node.exe C:\Users\Best\AppData\Roaming\npm\node_modules\firebase-tools\lib\bin\firebase.js init
[debug] [2025-06-17T08:21:29.274Z] CLI Version:   14.7.0
[debug] [2025-06-17T08:21:29.275Z] Platform:      win32
[debug] [2025-06-17T08:21:29.275Z] Node Version:  v20.14.0
[debug] [2025-06-17T08:21:29.275Z] Time:          Tue Jun 17 2025 13:51:29 GMT+0530 (India Standard Time)
[debug] [2025-06-17T08:21:29.276Z] ----------------------------------------------------------------------
[debug] 
[debug] [2025-06-17T08:21:29.294Z] > command requires scopes: ["email","openid","https://www.googleapis.com/auth/cloudplatformprojects.readonly","https://www.googleapis.com/auth/firebase","https://www.googleapis.com/auth/cloud-platform"]
[debug] [2025-06-17T08:21:29.296Z] > authorizing via signed-in user (kesavakumarmtsa1622@gmail.com)
[info] 
     ######## #### ########  ######## ########     ###     ######  ########
     ##        ##  ##     ## ##       ##     ##  ##   ##  ##       ##
     ######    ##  ########  ######   ########  #########  ######  ######
     ##        ##  ##    ##  ##       ##     ## ##     ##       ## ##
     ##       #### ##     ## ######## ########  ##     ##  ######  ########

You're about to initialize a Firebase project in this directory:

  D:\angular\backend

[info] 
=== Project Setup
[info] 
[info] First, let's associate this project directory with a Firebase project.
[info] You can create multiple project aliases by running firebase use --add, 
[info] but for now we'll just set up a default project.
[info] 
[debug] [2025-06-17T08:22:03.250Z] Checked if tokens are valid: false, expires at: 1725473459958
[debug] [2025-06-17T08:22:03.255Z] Checked if tokens are valid: false, expires at: 1725473459958
[debug] [2025-06-17T08:22:03.256Z] > refreshing access token with scopes: []
[debug] [2025-06-17T08:22:03.263Z] >>> [apiv2][query] POST https://www.googleapis.com/oauth2/v3/token [none]
[debug] [2025-06-17T08:22:03.263Z] >>> [apiv2][body] POST https://www.googleapis.com/oauth2/v3/token [omitted]
[debug] [2025-06-17T08:22:03.558Z] <<< [apiv2][status] POST https://www.googleapis.com/oauth2/v3/token 400
[debug] [2025-06-17T08:22:03.559Z] <<< [apiv2][body] POST https://www.googleapis.com/oauth2/v3/token [omitted]
[debug] [2025-06-17T08:22:03.561Z] >>> [apiv2][query] GET https://firebase.googleapis.com/v1beta1/projects pageSize=100
[debug] [2025-06-17T08:22:03.778Z] <<< [apiv2][status] GET https://firebase.googleapis.com/v1beta1/projects 401
[debug] [2025-06-17T08:22:03.779Z] <<< [apiv2][body] GET https://firebase.googleapis.com/v1beta1/projects [omitted]
[debug] [2025-06-17T08:22:03.779Z] Got a 401 Unauthenticated error for a call that required authentication. Refreshing tokens.
[debug] [2025-06-17T08:22:03.780Z] Checked if tokens are valid: false, expires at: 1725473459958
[debug] [2025-06-17T08:22:03.780Z] Checked if tokens are valid: false, expires at: 1725473459958
[debug] [2025-06-17T08:22:03.781Z] > refreshing access token with scopes: []
[debug] [2025-06-17T08:22:03.783Z] >>> [apiv2][query] POST https://www.googleapis.com/oauth2/v3/token [none]
[debug] [2025-06-17T08:22:03.783Z] >>> [apiv2][body] POST https://www.googleapis.com/oauth2/v3/token [omitted]
[debug] [2025-06-17T08:22:03.890Z] <<< [apiv2][status] POST https://www.googleapis.com/oauth2/v3/token 400
[debug] [2025-06-17T08:22:03.890Z] <<< [apiv2][body] POST https://www.googleapis.com/oauth2/v3/token [omitted]
[debug] [2025-06-17T08:22:03.894Z] Request to https://firebase.googleapis.com/v1beta1/projects?pageSize=100 had HTTP Error: 401, Request had invalid authentication credentials. Expected OAuth 2 access token, login cookie or other valid authentication credential. See https://developers.google.com/identity/sign-in/web/devconsole-project.
[debug] [2025-06-17T08:22:04.090Z] FirebaseError: Request to https://firebase.googleapis.com/v1beta1/projects?pageSize=100 had HTTP Error: 401, Request had invalid authentication credentials. Expected OAuth 2 access token, login cookie or other valid authentication credential. See https://developers.google.com/identity/sign-in/web/devconsole-project.
    at responseToError (C:\Users\Best\AppData\Roaming\npm\node_modules\firebase-tools\lib\responseToError.js:52:12)
    at RetryOperation._fn (C:\Users\Best\AppData\Roaming\npm\node_modules\firebase-tools\lib\apiv2.js:312:77)
    at process.processTicksAndRejections (node:internal/process/task_queues:95:5)
[error] 
[error] Error: Failed to list Firebase projects. See firebase-debug.log for more info.
[debug] [2025-06-17T08:22:15.182Z] ----------------------------------------------------------------------
[debug] [2025-06-17T08:22:15.190Z] Command:       C:\Program Files\nodejs\node.exe C:\Users\Best\AppData\Roaming\npm\node_modules\firebase-tools\lib\bin\firebase.js init
[debug] [2025-06-17T08:22:15.191Z] CLI Version:   14.7.0
[debug] [2025-06-17T08:22:15.192Z] Platform:      win32
[debug] [2025-06-17T08:22:15.192Z] Node Version:  v20.14.0
[debug] [2025-06-17T08:22:15.192Z] Time:          Tue Jun 17 2025 13:52:15 GMT+0530 (India Standard Time)
[debug] [2025-06-17T08:22:15.193Z] ----------------------------------------------------------------------
[debug] 
[debug] [2025-06-17T08:22:15.210Z] > command requires scopes: ["email","openid","https://www.googleapis.com/auth/cloudplatformprojects.readonly","https://www.googleapis.com/auth/firebase","https://www.googleapis.com/auth/cloud-platform"]
[debug] [2025-06-17T08:22:15.212Z] > authorizing via signed-in user (kesavakumarmtsa1622@gmail.com)
[info] 
     ######## #### ########  ######## ########     ###     ######  ########
     ##        ##  ##     ## ##       ##     ##  ##   ##  ##       ##
     ######    ##  ########  ######   ########  #########  ######  ######
     ##        ##  ##    ##  ##       ##     ## ##     ##       ## ##
     ##       #### ##     ## ######## ########  ##     ##  ######  ########

You're about to initialize a Firebase project in this directory:

  D:\angular\backend

[info] 
=== Project Setup
[info] 
[info] First, let's associate this project directory with a Firebase project.
[info] You can create multiple project aliases by running firebase use --add, 
[info] but for now we'll just set up a default project.
[info] 
[info] i  If you want to create a project in a Google Cloud organization or folder, please use "firebase projects:create" instead, and return to this command when you've created the project. 
[debug] [2025-06-17T08:23:09.928Z] Checked if tokens are valid: false, expires at: 1725473459958
[debug] [2025-06-17T08:23:09.929Z] Checked if tokens are valid: false, expires at: 1725473459958
[debug] [2025-06-17T08:23:09.930Z] > refreshing access token with scopes: []
[debug] [2025-06-17T08:23:09.937Z] >>> [apiv2][query] POST https://www.googleapis.com/oauth2/v3/token [none]
[debug] [2025-06-17T08:23:09.938Z] >>> [apiv2][body] POST https://www.googleapis.com/oauth2/v3/token [omitted]
[debug] [2025-06-17T08:23:10.281Z] <<< [apiv2][status] POST https://www.googleapis.com/oauth2/v3/token 400
[debug] [2025-06-17T08:23:10.281Z] <<< [apiv2][body] POST https://www.googleapis.com/oauth2/v3/token [omitted]
[debug] [2025-06-17T08:23:10.284Z] >>> [apiv2][query] POST https://cloudresourcemanager.googleapis.com/v1/projects [none]
[debug] [2025-06-17T08:23:10.284Z] >>> [apiv2][body] POST https://cloudresourcemanager.googleapis.com/v1/projects {"projectId":"deepamcrackers","name":"2000"}
[debug] [2025-06-17T08:23:11.598Z] <<< [apiv2][status] POST https://cloudresourcemanager.googleapis.com/v1/projects 401
[debug] [2025-06-17T08:23:11.599Z] <<< [apiv2][body] POST https://cloudresourcemanager.googleapis.com/v1/projects {"error":{"code":401,"message":"Request had invalid authentication credentials. Expected OAuth 2 access token, login cookie or other valid authentication credential. See https://developers.google.com/identity/sign-in/web/devconsole-project.","status":"UNAUTHENTICATED","details":[{"@type":"type.googleapis.com/google.rpc.ErrorInfo","reason":"ACCESS_TOKEN_TYPE_UNSUPPORTED","metadata":{"method":"google.cloudresourcemanager.v1.Projects.CreateProject","service":"cloudresourcemanager.googleapis.com"}}]}}
[debug] [2025-06-17T08:23:11.599Z] Got a 401 Unauthenticated error for a call that required authentication. Refreshing tokens.
[debug] [2025-06-17T08:23:11.599Z] Checked if tokens are valid: false, expires at: 1725473459958
[debug] [2025-06-17T08:23:11.599Z] Checked if tokens are valid: false, expires at: 1725473459958
[debug] [2025-06-17T08:23:11.600Z] > refreshing access token with scopes: []
[debug] [2025-06-17T08:23:11.601Z] >>> [apiv2][query] POST https://www.googleapis.com/oauth2/v3/token [none]
[debug] [2025-06-17T08:23:11.602Z] >>> [apiv2][body] POST https://www.googleapis.com/oauth2/v3/token [omitted]
[debug] [2025-06-17T08:23:11.690Z] <<< [apiv2][status] POST https://www.googleapis.com/oauth2/v3/token 400
[debug] [2025-06-17T08:23:11.690Z] <<< [apiv2][body] POST https://www.googleapis.com/oauth2/v3/token [omitted]
[debug] [2025-06-17T08:23:11.873Z] FirebaseError: Request to https://cloudresourcemanager.googleapis.com/v1/projects had HTTP Error: 401, Request had invalid authentication credentials. Expected OAuth 2 access token, login cookie or other valid authentication credential. See https://developers.google.com/identity/sign-in/web/devconsole-project.
    at responseToError (C:\Users\Best\AppData\Roaming\npm\node_modules\firebase-tools\lib\responseToError.js:52:12)
    at RetryOperation._fn (C:\Users\Best\AppData\Roaming\npm\node_modules\firebase-tools\lib\apiv2.js:312:77)
    at process.processTicksAndRejections (node:internal/process/task_queues:95:5)
[error] 
[error] Error: Failed to create project. See firebase-debug.log for more info.
